// Jest Snapshot v1, https://goo.gl/fbAQLP

exports[`Masthead snapshot test 1`] = `
<div>
  <h1>
    Zak Zubair
  </h1>
  <a
    href="https://github.com/ZakZubair/"
  >
    Zak Zubair
  </a>
  <a
    href="http://MiYuMi.Ai"
  >
    MiYuMi.Ai
  </a>
</div>
`;
